[0.008s][info][gc,heap] Heap region size: 1M
[0.008s][info][gc     ] Using G1
[0.008s][info][gc,heap,coops] Heap address: 0x00000007fec00000, size: 20 MB, Compressed Oops mode: Zero based, Oop shift amount: 3
[0.064s][info][gc,start     ] GC(0) Pause Young (Concurrent Start) (G1 Humongous Allocation)
[0.064s][info][gc,task      ] GC(0) Using 2 workers of 10 for evacuation
[0.065s][info][gc,phases    ] GC(0)   Pre Evacuate Collection Set: 0.0ms
[0.065s][info][gc,phases    ] GC(0)   Evacuate Collection Set: 0.7ms
[0.065s][info][gc,phases    ] GC(0)   Post Evacuate Collection Set: 0.0ms
[0.065s][info][gc,phases    ] GC(0)   Other: 0.2ms
[0.065s][info][gc,heap      ] GC(0) Eden regions: 1->0(6)
[0.065s][info][gc,heap      ] GC(0) Survivor regions: 0->1(4)
[0.065s][info][gc,heap      ] GC(0) Old regions: 0->0
[0.065s][info][gc,heap      ] GC(0) Humongous regions: 8->2
[0.065s][info][gc,metaspace ] GC(0) Metaspace: 3446K->3446K(1056768K)
[0.065s][info][gc           ] GC(0) Pause Young (Concurrent Start) (G1 Humongous Allocation) 8M->2M(20M) 0.995ms
[0.065s][info][gc,cpu       ] GC(0) User=0.01s Sys=0.00s Real=0.00s
[0.065s][info][gc           ] GC(1) Concurrent Cycle
[0.065s][info][gc,marking   ] GC(1) Concurrent Clear Claimed Marks
[0.065s][info][gc,marking   ] GC(1) Concurrent Clear Claimed Marks 0.008ms
[0.065s][info][gc,marking   ] GC(1) Concurrent Scan Root Regions
[0.065s][info][gc,marking   ] GC(1) Concurrent Scan Root Regions 0.268ms
[0.065s][info][gc,marking   ] GC(1) Concurrent Mark (0.065s)
[0.065s][info][gc,marking   ] GC(1) Concurrent Mark From Roots
[0.065s][info][gc,task      ] GC(1) Using 3 workers of 3 for marking
[0.065s][info][gc,marking   ] GC(1) Concurrent Mark From Roots 0.157ms
[0.065s][info][gc,marking   ] GC(1) Concurrent Preclean
[0.065s][info][gc,marking   ] GC(1) Concurrent Preclean 0.026ms
[0.065s][info][gc,marking   ] GC(1) Concurrent Mark (0.065s, 0.065s) 0.219ms
[0.065s][info][gc,start     ] GC(1) Pause Remark
[0.066s][info][gc,stringtable] GC(1) Cleaned string and symbol table, strings: 1374 processed, 0 removed, symbols: 16203 processed, 0 removed
[0.066s][info][gc            ] GC(1) Pause Remark 10M->10M(20M) 0.366ms
[0.066s][info][gc,cpu        ] GC(1) User=0.00s Sys=0.00s Real=0.00s
[0.066s][info][gc,marking    ] GC(1) Concurrent Rebuild Remembered Sets
[0.066s][info][gc,marking    ] GC(1) Concurrent Rebuild Remembered Sets 0.024ms
[0.066s][info][gc,start      ] GC(1) Pause Cleanup
[0.066s][info][gc            ] GC(1) Pause Cleanup 12M->12M(20M) 0.031ms
[0.066s][info][gc,cpu        ] GC(1) User=0.00s Sys=0.00s Real=0.00s
[0.066s][info][gc,marking    ] GC(1) Concurrent Cleanup for Next Mark
[0.066s][info][gc,marking    ] GC(1) Concurrent Cleanup for Next Mark 0.135ms
[0.066s][info][gc            ] GC(1) Concurrent Cycle 1.814ms
[0.067s][info][gc,heap,exit  ] Heap
[0.067s][info][gc,heap,exit  ]  garbage-first heap   total 20480K, used 14852K [0x00000007fec00000, 0x0000000800000000)
[0.067s][info][gc,heap,exit  ]   region size 1024K, 2 young (2048K), 1 survivors (1024K)
[0.067s][info][gc,heap,exit  ]  Metaspace       used 3455K, capacity 4486K, committed 4864K, reserved 1056768K
[0.067s][info][gc,heap,exit  ]   class space    used 307K, capacity 386K, committed 512K, reserved 1048576K
